// Jest Snapshot v1, https://goo.gl/fbAQLP

exports[`InputField InputField renders correctly 1`] = `
<form
  onSubmit={[Function]}
>
  <input
    autoFocus={true}
    className="w-full my-4 text-textLight bg-white focus:outline-0"
    onChange={[Function]}
    placeholder="Enter the Task !"
    value=""
  />
</form>
`;
